<http://example.org/ex#not.allowed> <http://example.org/ex#not.allowed> <http://example.org/ex#not.allowed> .
