_:genid1 <http://example.org/ns#a> <http://example.org/ns#b> .
