<http://example.org#this> <http://www.w3.org/1999/02/22-rdf-syntax-ns#type> <http://example.org#that> <http://example.org#graph> .
